{
  "env": "test",
  "location": "testdata/repo",
  "percent": "%{keep}"
}
